// Jest Snapshot v1, https://goo.gl/fbAQLP

exports[`WelcomeForm should match the snapshot 1`] = `
<styled.section>
  <styled.div>
    <h3>
      Thanks for filling in your lawn area!
    </h3>
  </styled.div>
  <form>
    <label>
      Your approximate lawn size (sq ft)
    </label>
    <input
      id="yardSubmit"
      onChange={[Function]}
      placeholder="Example 1,500"
      type="number"
    />
  </form>
</styled.section>
`;
