// Jest Snapshot v1, https://goo.gl/fbAQLP

exports[`Navbar should match the snapshot 1`] = `
<styled.nav>
  <styled.h1>
    Lawnbot Similar Services
  </styled.h1>
</styled.nav>
`;
